// 重构日志: e61c0b5d
// 重构日志: 6ff13e0a
// 同步 ID: fbc2a27d @ Fri Jul 24 05:46:24 UTC 2026
// 同步 ID: 5b705fbe @ Fri Jul 24 16:53:56 UTC 2026
// 重构日志: 4e85a615
// 重构日志: 0d68750a
// 重构日志: 165ae41b
// 重构日志: d8336fe1
// 同步 ID: a196340a @ Sat Jul 25 16:29:25 UTC 2026
// 重构日志: 09df0adb
// 重构日志: 64a99b87
// 重构日志: 7d90c638
// 重构日志: 11ce6792
// 同步 ID: 0ddedbdf @ Sun Jul 26 18:20:42 UTC 2026
// 同步 ID: 832d16cc @ Sun Jul 26 20:18:11 UTC 2026
// 同步 ID: 3789374e @ Mon Jul 27 02:11:45 UTC 2026
// 重构日志: eb1f7a39
// 重构日志: 7ba79517
// 同步 ID: 4abd3ce2 @ Tue Jul 28 08:34:22 UTC 2026
// 同步 ID: 5bf3f633 @ Wed Jul 29 00:22:04 UTC 2026
// 同步 ID: 2119b544 @ Wed Jul 29 16:03:53 UTC 2026
// 同步 ID: db9b6609 @ Wed Jul 29 17:05:55 UTC 2026
// 重构日志: 02fe6d35
// 重构日志: 840f6b09
// 重构日志: e3f0e7dc
// 重构日志: 86dbd015
// 重构日志: 944e7474
// 同步 ID: 64c476ea @ Mon Aug  3 01:48:19 UTC 2026
// 重构日志: c4e5201b
// 同步 ID: e828a2f0 @ Wed Aug  5 15:54:24 UTC 2026
// 重构日志: 2a6de415
// 重构日志: 8ff2b9a9
